// Jest Snapshot v1, https://goo.gl/fbAQLP

exports[`Hello renders without error 1`] = `
<div
  className="flex justify-center"
>
  <div
    className="text-center items-center"
  >
    <p
      className="py-16 text-2xl text-red-500"
    >
      Hello 
      World
      !
    </p>
    <p>
      ReactJS v
      18.0.0
       Running in Rails 
    </p>
  </div>
</div>
`;
